[backblue.gif]
[fade.gif]
[index.html]
[leetcode-questions.herokuapp.com/static/css/materialize.min.ec1df3ba4997.css]
[leetcode-questions.herokuapp.com/static/js/materialize.min.87d84bf8b4cc.js]
[www.googletagmanager.com/gtag/js4012]
[pagead2.googlesyndication.com/pagead/js/f.txt]
[leetcode-questions.herokuapp.com/index.html]
[fonts.googleapis.com/icone91f.css]
[leetcode-questions.herokuapp.com/static/css/materialize.min.ec1df3ba4997.css]
[leetcode-questions.herokuapp.com/searchquestion/index.html]
[www.linkedin.com/in/rahuldecoded/index.html]
[leetcode-questions.herokuapp.com/1/index.html]
[leetcode-questions.herokuapp.com/2/index.html]
[leetcode-questions.herokuapp.com/3/index.html]
[leetcode-questions.herokuapp.com/4/index.html]
[leetcode-questions.herokuapp.com/5/index.html]
[leetcode-questions.herokuapp.com/6/index.html]
[leetcode-questions.herokuapp.com/7/index.html]
[leetcode-questions.herokuapp.com/8/index.html]
[leetcode-questions.herokuapp.com/9/index.html]
[leetcode-questions.herokuapp.com/10/index.html]
[leetcode-questions.herokuapp.com/11/index.html]
[leetcode-questions.herokuapp.com/12/index.html]
[leetcode-questions.herokuapp.com/13/index.html]
[leetcode-questions.herokuapp.com/14/index.html]
[leetcode-questions.herokuapp.com/15/index.html]
[leetcode-questions.herokuapp.com/16/index.html]
[leetcode-questions.herokuapp.com/17/index.html]
[leetcode-questions.herokuapp.com/18/index.html]
[leetcode-questions.herokuapp.com/19/index.html]
[leetcode-questions.herokuapp.com/20/index.html]
[leetcode-questions.herokuapp.com/21/index.html]
[leetcode-questions.herokuapp.com/22/index.html]
[leetcode-questions.herokuapp.com/23/index.html]
[leetcode-questions.herokuapp.com/24/index.html]
[leetcode-questions.herokuapp.com/25/index.html]
[leetcode-questions.herokuapp.com/26/index.html]
[leetcode-questions.herokuapp.com/27/index.html]
[leetcode-questions.herokuapp.com/28/index.html]
[leetcode-questions.herokuapp.com/29/index.html]
[leetcode-questions.herokuapp.com/30/index.html]
[leetcode-questions.herokuapp.com/31/index.html]
[leetcode-questions.herokuapp.com/32/index.html]
[leetcode-questions.herokuapp.com/33/index.html]
[leetcode-questions.herokuapp.com/34/index.html]
[leetcode-questions.herokuapp.com/35/index.html]
[leetcode-questions.herokuapp.com/36/index.html]
[leetcode-questions.herokuapp.com/37/index.html]
[leetcode-questions.herokuapp.com/38/index.html]
[leetcode-questions.herokuapp.com/39/index.html]
[leetcode-questions.herokuapp.com/40/index.html]
[leetcode-questions.herokuapp.com/41/index.html]
[leetcode-questions.herokuapp.com/42/index.html]
[leetcode-questions.herokuapp.com/43/index.html]
[leetcode-questions.herokuapp.com/44/index.html]
[leetcode-questions.herokuapp.com/45/index.html]
[leetcode-questions.herokuapp.com/46/index.html]
[leetcode-questions.herokuapp.com/47/index.html]
[leetcode-questions.herokuapp.com/48/index.html]
[leetcode-questions.herokuapp.com/49/index.html]
[leetcode-questions.herokuapp.com/50/index.html]
[leetcode-questions.herokuapp.com/51/index.html]
[leetcode-questions.herokuapp.com/52/index.html]
[leetcode-questions.herokuapp.com/53/index.html]
[leetcode-questions.herokuapp.com/54/index.html]
[leetcode-questions.herokuapp.com/55/index.html]
[leetcode-questions.herokuapp.com/56/index.html]
[leetcode-questions.herokuapp.com/57/index.html]
[leetcode-questions.herokuapp.com/58/index.html]
[leetcode-questions.herokuapp.com/59/index.html]
[leetcode-questions.herokuapp.com/60/index.html]
[leetcode-questions.herokuapp.com/61/index.html]
[leetcode-questions.herokuapp.com/62/index.html]
[leetcode-questions.herokuapp.com/63/index.html]
[leetcode-questions.herokuapp.com/64/index.html]
[leetcode-questions.herokuapp.com/65/index.html]
[leetcode-questions.herokuapp.com/66/index.html]
[leetcode-questions.herokuapp.com/67/index.html]
[leetcode-questions.herokuapp.com/68/index.html]
[leetcode-questions.herokuapp.com/69/index.html]
[leetcode-questions.herokuapp.com/70/index.html]
[leetcode-questions.herokuapp.com/71/index.html]
[leetcode-questions.herokuapp.com/72/index.html]
[leetcode-questions.herokuapp.com/73/index.html]
[leetcode-questions.herokuapp.com/74/index.html]
[leetcode-questions.herokuapp.com/75/index.html]
[leetcode-questions.herokuapp.com/76/index.html]
[leetcode-questions.herokuapp.com/77/index.html]
[leetcode-questions.herokuapp.com/78/index.html]
[leetcode-questions.herokuapp.com/79/index.html]
[leetcode-questions.herokuapp.com/80/index.html]
[leetcode-questions.herokuapp.com/81/index.html]
[leetcode-questions.herokuapp.com/82/index.html]
[leetcode-questions.herokuapp.com/83/index.html]
[leetcode-questions.herokuapp.com/84/index.html]
[leetcode-questions.herokuapp.com/85/index.html]
[leetcode-questions.herokuapp.com/86/index.html]
[leetcode-questions.herokuapp.com/87/index.html]
[leetcode-questions.herokuapp.com/88/index.html]
[leetcode-questions.herokuapp.com/89/index.html]
[leetcode-questions.herokuapp.com/90/index.html]
[leetcode-questions.herokuapp.com/91/index.html]
[leetcode-questions.herokuapp.com/92/index.html]
[leetcode-questions.herokuapp.com/93/index.html]
[leetcode-questions.herokuapp.com/94/index.html]
[leetcode-questions.herokuapp.com/95/index.html]
[leetcode-questions.herokuapp.com/96/index.html]
[leetcode-questions.herokuapp.com/97/index.html]
[leetcode-questions.herokuapp.com/98/index.html]
[leetcode-questions.herokuapp.com/99/index.html]
[leetcode-questions.herokuapp.com/100/index.html]
[leetcode-questions.herokuapp.com/101/index.html]
[leetcode-questions.herokuapp.com/102/index.html]
[leetcode-questions.herokuapp.com/103/index.html]
[leetcode-questions.herokuapp.com/104/index.html]
[leetcode-questions.herokuapp.com/105/index.html]
[leetcode-questions.herokuapp.com/106/index.html]
[leetcode-questions.herokuapp.com/107/index.html]
[leetcode-questions.herokuapp.com/108/index.html]
[leetcode-questions.herokuapp.com/109/index.html]
[leetcode-questions.herokuapp.com/110/index.html]
[leetcode-questions.herokuapp.com/111/index.html]
[leetcode-questions.herokuapp.com/112/index.html]
[leetcode-questions.herokuapp.com/113/index.html]
[leetcode-questions.herokuapp.com/114/index.html]
[leetcode-questions.herokuapp.com/115/index.html]
[leetcode-questions.herokuapp.com/116/index.html]
[leetcode-questions.herokuapp.com/117/index.html]
[leetcode-questions.herokuapp.com/118/index.html]
[leetcode-questions.herokuapp.com/119/index.html]
[leetcode-questions.herokuapp.com/120/index.html]
[leetcode-questions.herokuapp.com/121/index.html]
[leetcode-questions.herokuapp.com/122/index.html]
[leetcode-questions.herokuapp.com/123/index.html]
[leetcode-questions.herokuapp.com/124/index.html]
[leetcode-questions.herokuapp.com/125/index.html]
[leetcode-questions.herokuapp.com/126/index.html]
[leetcode-questions.herokuapp.com/127/index.html]
[leetcode-questions.herokuapp.com/128/index.html]
[leetcode-questions.herokuapp.com/129/index.html]
[leetcode-questions.herokuapp.com/130/index.html]
[leetcode-questions.herokuapp.com/131/index.html]
[leetcode-questions.herokuapp.com/132/index.html]
[leetcode-questions.herokuapp.com/133/index.html]
[leetcode-questions.herokuapp.com/134/index.html]
[leetcode-questions.herokuapp.com/135/index.html]
[leetcode-questions.herokuapp.com/136/index.html]
[leetcode-questions.herokuapp.com/137/index.html]
[leetcode-questions.herokuapp.com/138/index.html]
[leetcode-questions.herokuapp.com/139/index.html]
[leetcode-questions.herokuapp.com/140/index.html]
[leetcode-questions.herokuapp.com/141/index.html]
[leetcode-questions.herokuapp.com/142/index.html]
[leetcode-questions.herokuapp.com/143/index.html]
[leetcode-questions.herokuapp.com/144/index.html]
[leetcode-questions.herokuapp.com/145/index.html]
[leetcode-questions.herokuapp.com/146/index.html]
[leetcode-questions.herokuapp.com/147/index.html]
[leetcode-questions.herokuapp.com/148/index.html]
[leetcode-questions.herokuapp.com/149/index.html]
[leetcode-questions.herokuapp.com/150/index.html]
[leetcode-questions.herokuapp.com/151/index.html]
[leetcode-questions.herokuapp.com/152/index.html]
[leetcode-questions.herokuapp.com/153/index.html]
[leetcode-questions.herokuapp.com/154/index.html]
[leetcode-questions.herokuapp.com/155/index.html]
[leetcode-questions.herokuapp.com/156/index.html]
[leetcode-questions.herokuapp.com/157/index.html]
[leetcode-questions.herokuapp.com/158/index.html]
[leetcode-questions.herokuapp.com/159/index.html]
[leetcode-questions.herokuapp.com/160/index.html]
[leetcode-questions.herokuapp.com/161/index.html]
[leetcode-questions.herokuapp.com/162/index.html]
[leetcode-questions.herokuapp.com/163/index.html]
[leetcode-questions.herokuapp.com/164/index.html]
[leetcode-questions.herokuapp.com/165/index.html]
[leetcode-questions.herokuapp.com/166/index.html]
[leetcode-questions.herokuapp.com/167/index.html]
[leetcode-questions.herokuapp.com/168/index.html]
[leetcode-questions.herokuapp.com/169/index.html]
[leetcode-questions.herokuapp.com/170/index.html]
[leetcode-questions.herokuapp.com/171/index.html]
[leetcode-questions.herokuapp.com/172/index.html]
[leetcode-questions.herokuapp.com/173/index.html]
[leetcode-questions.herokuapp.com/174/index.html]
[leetcode-questions.herokuapp.com/175/index.html]
[leetcode-questions.herokuapp.com/176/index.html]
[leetcode-questions.herokuapp.com/177/index.html]
[leetcode-questions.herokuapp.com/178/index.html]
[leetcode-questions.herokuapp.com/179/index.html]
[leetcode-questions.herokuapp.com/180/index.html]
[leetcode-questions.herokuapp.com/181/index.html]
[leetcode-questions.herokuapp.com/182/index.html]
[leetcode-questions.herokuapp.com/183/index.html]
[leetcode-questions.herokuapp.com/184/index.html]
[leetcode-questions.herokuapp.com/185/index.html]
[leetcode-questions.herokuapp.com/186/index.html]
[leetcode-questions.herokuapp.com/187/index.html]
[leetcode-questions.herokuapp.com/188/index.html]
[leetcode-questions.herokuapp.com/189/index.html]
[leetcode-questions.herokuapp.com/190/index.html]
[leetcode-questions.herokuapp.com/191/index.html]
[leetcode-questions.herokuapp.com/192/index.html]
[leetcode-questions.herokuapp.com/193/index.html]
[leetcode-questions.herokuapp.com/194/index.html]
[leetcode-questions.herokuapp.com/195/index.html]
[leetcode-questions.herokuapp.com/196/index.html]
[leetcode-questions.herokuapp.com/197/index.html]
[leetcode-questions.herokuapp.com/198/index.html]
[leetcode-questions.herokuapp.com/199/index.html]
[leetcode-questions.herokuapp.com/200/index.html]
